Microchip MPLAB XC8 Compiler V2.35

Linker command line:

-W-3 --edf=C:\Program Files\Microchip\xc8\v2.35\pic\dat\en_msgs.txt -cn \
  -h+dist/default/production\ADXL345.X.production.sym \
  --cmf=dist/default/production\ADXL345.X.production.cmf -z -Q16F18855 \
  -oC:\Users\DAVIDP~1\AppData\Local\Temp\xcAsm5g.4 --defsym=__MPLAB_BUILD=1 \
  -Mdist/default/production/ADXL345.X.production.map \
  --md=C:\Users\DAVIDP~1\AppData\Local\Temp\xcAsm5g.dat -E1 \
  -ver=XC8 Compiler --acfsm=1493 -ACODE=00h-07FFhx4 -ASTRCODE=00h-01FFFh \
  -ASTRING=00h-0FFhx32 -ACONST=00h-0FFhx32 -AENTRY=00h-0FFhx32 \
  -ACOMMON=070h-07Fh -ABANK0=020h-06Fh -ABANK1=0A0h-0EFh \
  -ABANK2=0120h-016Fh -ABANK3=01A0h-01EFh -ABANK4=0220h-026Fh \
  -ABANK5=02A0h-02EFh -ABANK6=0320h-036Fh -ABANK7=03A0h-03EFh \
  -ABANK8=0420h-046Fh -ABANK9=04A0h-04EFh -ABANK10=0520h-056Fh \
  -ABANK11=05A0h-05EFh -ABANK12=0620h-064Fh -ABIGRAM=02000h-023EFh \
  -ARAM=020h-06Fh,0A0h-0EFh,0120h-016Fh,01A0h-01EFh,0220h-026Fh,02A0h-02EFh,0320h-036Fh,03A0h-03EFh,0420h-046Fh,04A0h-04EFh,0520h-056Fh,05A0h-05EFh,0620h-064Fh \
  -AABS1=020h-07Fh,0A0h-0EFh,0120h-016Fh,01A0h-01EFh,0220h-026Fh,02A0h-02EFh,0320h-036Fh,03A0h-03EFh,0420h-046Fh,04A0h-04EFh,0520h-056Fh,05A0h-05EFh,0620h-064Fh \
  -ASFR0=00h-01Fh -ASFR1=080h-09Fh -ASFR2=0100h-011Fh -ASFR3=0180h-019Fh \
  -ASFR4=0200h-021Fh -ASFR5=0280h-029Fh -ASFR6=0300h-031Fh \
  -ASFR7=0380h-039Fh -ASFR8=0400h-041Fh -ASFR9=0480h-049Fh \
  -ASFR10=0500h-051Fh -ASFR11=0580h-059Fh -ASFR12=0600h-061Fh \
  -ASFR13=0680h-06EFh -ASFR14=0700h-076Fh -ASFR15=0780h-07EFh \
  -ASFR16=0800h-086Fh -ASFR17=0880h-08EFh -ASFR18=0900h-096Fh \
  -ASFR19=0980h-09EFh -ASFR20=0A00h-0A6Fh -ASFR21=0A80h-0AEFh \
  -ASFR22=0B00h-0B6Fh -ASFR23=0B80h-0BEFh -ASFR24=0C00h-0C6Fh \
  -ASFR25=0C80h-0CEFh -ASFR26=0D00h-0D6Fh -ASFR27=0D80h-0DEFh \
  -ASFR28=0E00h-0E6Fh -ASFR29=0E80h-0EEFh -ASFR30=0F00h-0F6Fh \
  -ASFR31=0F80h-0FEFh -ACONFIG=08007h-0800Bh -DCONFIG=2 \
  -AIDLOC=08000h-08003h -DIDLOC=2 -AEEDATA=00h-0FFh/0F000h \
  -peeprom_data=EEDATA -DEEDATA=2 -DCODE=2 -DSTRCODE=2 -DSTRING=2 -DCONST=2 \
  -DENTRY=2 -preset_vec=00h,intentry=04h,init,end_init -ppowerup=CODE \
  -pcinit=CODE -pfunctab=ENTRY -k \
  C:\Users\DAVIDP~1\AppData\Local\Temp\xcAsm5g.o \
  dist/default/production\ADXL345.X.production.o 

Object code version is 3.11

Machine type is 16F18855



                Name                               Link     Load   Length Selector   Space Scale
C:\Users\DAVIDP~1\AppData\Local\Temp\xcAsm5g.o
                end_init                             53       53        2        8       0
                reset_vec                             0        0        2        0       0
                config                             8007     8007        5        0       4
dist/default/production\ADXL345.X.production.o
                cinit                                55       55       31        8       0
                intentry                              4        4       4F        8       0
                config                             8007     8007        5        0       4
                text41                             158D     158D       15     2B1A       0
                text39                             1551     1551        7     2AA2       0
                text38                             1558     1558        7     2AB0       0
                text37                             155F     155F        7     2ABE       0
                text36                             15CF     15CF       19     2B9E       0
                text35                              801      801        C     1002       0
                text34                              849      849       4C     1092       0
                text33                             1762     1762       31     2EC4       0
                text32                             16E0     16E0       2B     2DC0       0
                text31                             15B8     15B8       17     2B70       0
                text30                             156D     156D        E     2ADA       0
                text29                             15E8     15E8       19     2BD0       0
                text28                             15A2     15A2       16     2B44       0
                text27                             1601     1601       19     2C02       0
                text26                              80D      80D       3C     101A       0
                text25                             170B     170B       2B     2E16       0
                text24                             157B     157B       12     2AF6       0
                text23                              DC8      DC8      238     1B90       0
                text22                              95F      95F       8B     12BE       0
                text21                             166A     166A       24     2CD4       0
                text20                              443      443      257        8       0
                text19                              8EA      8EA       75     11D4       0
                text18                              9EA      9EA       AD     13D4       0
                text17                             168E     168E       29     2D1C       0
                text16                             161A     161A       19     2C34       0
                text15                              69A      69A      105        8       0
                text14                              B72      B72       ED     16E4       0
                text13                             164E     164E       1C     2C9C       0
                text12                              7FE      7FE        1        8       0
                text11                              895      895       55     112A       0
                text10                             16B7     16B7       29     2D6E       0
                text9                              1633     1633       1B     2C66       0
                text8                               79F      79F       56        8       0
                text7                               C5F      C5F      169     18BE       0
                text6                               A97      A97       DB     152E       0
                text5                              1793     1793       34     2F26       0
                text4                              1736     1736       2C     2E6C       0
                text3                              1566     1566        7     2ACC       0
                text2                               7F5      7F5        9        8       0
                text1                              17C7     17C7       39     2F8E       0
                maintext                             86       86      3BD        8       0
                cstackBANK0                          20       20       4F       20       1
                cstackCOMMON                         70       70        6       70       1
                cstackBANK1                          DC       DC       13       A0       1
                cstackBANK2                         162      162        3      120       1
                clrtext                            154B     154B        6     2A96       0
                bssBANK5                            2A0      2A0       40      2A0       1
                bssBANK4                            220      220       4E      220       1
                bssBANK3                            1A0      1A0       20      1A0       1
                bssBANK2                            120      120       42      120       1
                bssBANK1                             A0       A0       3C       A0       1
                bssCOMMON                            76       76        5       70       1
                stringtext5                        1839     1839        7     3000       0
                stringtext4                        182E     182E        B     3000       0
                stringtext3                        1822     1822        C     3000       0
                stringtext2                        1813     1813        F     3000       0
                stringtext1                        1800     1800       13     3000       0

TOTAL           Name                               Link     Load   Length     Space
        CLASS   CODE           
                end_init                             53       53        2         0
                cinit                                55       55       31         0
                intentry                              4        4       4F         0
                reset_vec                             0        0        2         0
                text41                             158D     158D       15         0
                text39                             1551     1551        7         0
                text38                             1558     1558        7         0
                text37                             155F     155F        7         0
                text36                             15CF     15CF       19         0
                text35                              801      801        C         0
                text34                              849      849       4C         0
                text33                             1762     1762       31         0
                text32                             16E0     16E0       2B         0
                text31                             15B8     15B8       17         0
                text30                             156D     156D        E         0
                text29                             15E8     15E8       19         0
                text28                             15A2     15A2       16         0
                text27                             1601     1601       19         0
                text26                              80D      80D       3C         0
                text25                             170B     170B       2B         0
                text24                             157B     157B       12         0
                text23                              DC8      DC8      238         0
                text22                              95F      95F       8B         0
                text21                             166A     166A       24         0
                text20                              443      443      257         0
                text19                              8EA      8EA       75         0
                text18                              9EA      9EA       AD         0
                text17                             168E     168E       29         0
                text16                             161A     161A       19         0
                text15                              69A      69A      105         0
                text14                              B72      B72       ED         0
                text13                             164E     164E       1C         0
                text12                              7FE      7FE        1         0
                text11                              895      895       55         0
                text10                             16B7     16B7       29         0
                text9                              1633     1633       1B         0
                text8                               79F      79F       56         0
                text7                               C5F      C5F      169         0
                text6                               A97      A97       DB         0
                text5                              1793     1793       34         0
                text4                              1736     1736       2C         0
                text3                              1566     1566        7         0
                text2                               7F5      7F5        9         0
                text1                              17C7     17C7       39         0
                maintext                             86       86      3BD         0
                clrtext                            154B     154B        6         0

        CLASS   STRCODE        
                stringtext5                        1839     1839        7         0
                stringtext4                        182E     182E        B         0
                stringtext3                        1822     1822        C         0
                stringtext2                        1813     1813        F         0
                stringtext1                        1800     1800       13         0

        CLASS   STRING         

        CLASS   CONST          

        CLASS   ENTRY          

        CLASS   COMMON         
                cstackCOMMON                         70       70        6         1
                bssCOMMON                            76       76        5         1

        CLASS   BANK0          
                cstackBANK0                          20       20       4F         1

        CLASS   BANK1          
                cstackBANK1                          DC       DC       13         1
                bssBANK1                             A0       A0       3C         1

        CLASS   BANK2          
                cstackBANK2                         162      162        3         1
                bssBANK2                            120      120       42         1

        CLASS   BANK3          
                bssBANK3                            1A0      1A0       20         1

        CLASS   BANK4          
                bssBANK4                            220      220       4E         1

        CLASS   BANK5          
                bssBANK5                            2A0      2A0       40         1

        CLASS   BANK6          

        CLASS   BANK7          

        CLASS   BANK8          

        CLASS   BANK9          

        CLASS   BANK10         

        CLASS   BANK11         

        CLASS   BANK12         

        CLASS   BIGRAM         

        CLASS   RAM            

        CLASS   ABS1           
                abs_s1                               7E       7E        2         1

        CLASS   SFR0           

        CLASS   SFR1           

        CLASS   SFR2           

        CLASS   SFR3           

        CLASS   SFR4           

        CLASS   SFR5           

        CLASS   SFR6           

        CLASS   SFR7           

        CLASS   SFR8           

        CLASS   SFR9           

        CLASS   SFR10          

        CLASS   SFR11          

        CLASS   SFR12          

        CLASS   SFR13          

        CLASS   SFR14          

        CLASS   SFR15          

        CLASS   SFR16          

        CLASS   SFR17          

        CLASS   SFR18          

        CLASS   SFR19          

        CLASS   SFR20          

        CLASS   SFR21          

        CLASS   SFR22          

        CLASS   SFR23          

        CLASS   SFR24          

        CLASS   SFR25          

        CLASS   SFR26          

        CLASS   SFR27          

        CLASS   SFR28          

        CLASS   SFR29          

        CLASS   SFR30          

        CLASS   SFR31          

        CLASS   CONFIG         
                config                             8007     8007        5         4

        CLASS   IDLOC          

        CLASS   EEDATA         

        CLASS   BANK31         

        CLASS   BANK30         

        CLASS   BANK29         

        CLASS   BANK28         

        CLASS   BANK27         

        CLASS   BANK26         

        CLASS   BANK25         

        CLASS   BANK24         

        CLASS   BANK23         

        CLASS   BANK22         

        CLASS   BANK21         

        CLASS   BANK20         

        CLASS   BANK19         

        CLASS   BANK18         

        CLASS   BANK17         

        CLASS   BANK16         

        CLASS   BANK15         

        CLASS   BANK14         

        CLASS   BANK13         

        CLASS   HEAP           

        CLASS   STACK          



SEGMENTS        Name                           Load    Length   Top    Selector   Space  Class     Delta

                reset_vec                      000000  000002  000002         0       0  CODE        2
                intentry                       000004  0007FB  0007FF         8       0  CODE        2
                cstackBANK0                    000020  00004F  00006F        20       1  BANK0       1
                cstackCOMMON                   000070  00000B  00007B        70       1  COMMON      1
                bssBANK1                       0000A0  00004F  0000EF        A0       1  BANK1       1
                bssBANK2                       000120  000045  000165       120       1  BANK2       1
                bssBANK3                       0001A0  000020  0001C0       1A0       1  BANK3       1
                bssBANK4                       000220  00004E  00026E       220       1  BANK4       1
                bssBANK5                       0002A0  000040  0002E0       2A0       1  BANK5       1
                text35                         000801  00000C  00080D      1002       0  CODE        2
                text26                         00080D  00003C  000849      101A       0  CODE        2
                text34                         000849  00004C  000895      1092       0  CODE        2
                text11                         000895  000055  0008EA      112A       0  CODE        2
                text19                         0008EA  000075  00095F      11D4       0  CODE        2
                text22                         00095F  00008B  0009EA      12BE       0  CODE        2
                text18                         0009EA  0000AD  000A97      13D4       0  CODE        2
                text6                          000A97  0000DB  000B72      152E       0  CODE        2
                text14                         000B72  0000ED  000C5F      16E4       0  CODE        2
                text7                          000C5F  000169  000DC8      18BE       0  CODE        2
                text23                         000DC8  000238  001000      1B90       0  CODE        2
                clrtext                        00154B  000006  001551      2A96       0  CODE        2
                text39                         001551  000007  001558      2AA2       0  CODE        2
                text38                         001558  000007  00155F      2AB0       0  CODE        2
                text37                         00155F  000007  001566      2ABE       0  CODE        2
                text3                          001566  000007  00156D      2ACC       0  CODE        2
                text30                         00156D  00000E  00157B      2ADA       0  CODE        2
                text24                         00157B  000012  00158D      2AF6       0  CODE        2
                text41                         00158D  000015  0015A2      2B1A       0  CODE        2
                text28                         0015A2  000016  0015B8      2B44       0  CODE        2
                text31                         0015B8  000017  0015CF      2B70       0  CODE        2
                text36                         0015CF  000019  0015E8      2B9E       0  CODE        2
                text29                         0015E8  000019  001601      2BD0       0  CODE        2
                text27                         001601  000019  00161A      2C02       0  CODE        2
                text16                         00161A  000019  001633      2C34       0  CODE        2
                text9                          001633  00001B  00164E      2C66       0  CODE        2
                text13                         00164E  00001C  00166A      2C9C       0  CODE        2
                text21                         00166A  000024  00168E      2CD4       0  CODE        2
                text17                         00168E  000029  0016B7      2D1C       0  CODE        2
                text10                         0016B7  000029  0016E0      2D6E       0  CODE        2
                text32                         0016E0  00002B  00170B      2DC0       0  CODE        2
                text25                         00170B  00002B  001736      2E16       0  CODE        2
                text4                          001736  00002C  001762      2E6C       0  CODE        2
                text33                         001762  000031  001793      2EC4       0  CODE        2
                text5                          001793  000034  0017C7      2F26       0  CODE        2
                text1                          0017C7  000039  001800      2F8E       0  CODE        2
                stringtext1                    001800  000040  001840      3000       0  STRCODE     2


UNUSED ADDRESS RANGES

        Name                Unused          Largest block    Delta
        BANK0            0006F-0006F               1           1
        BANK1            000EF-000EF               1           1
        BANK10           00520-0056F              50           1
        BANK11           005A0-005EF              50           1
        BANK12           00620-0064F              30           1
        BANK2            00165-0016F               B           1
        BANK3            001C0-001EF              30           1
        BANK4            0026E-0026F               2           1
        BANK5            002E0-002EF              10           1
        BANK6            00320-0036F              50           1
        BANK7            003A0-003EF              50           1
        BANK8            00420-0046F              50           1
        BANK9            004A0-004EF              50           1
        BIGRAM           02000-023EF             3F0           1
        CODE             00002-00003               2           2
                         007FF-00800               1
                         01000-0154A             54B
                         01840-01FFF             7C0
        COMMON           0007B-0007D               3           1
        CONST            00002-00003               2           2
                         007FF-00800               1
                         01000-0154A             100
                         01840-01FFF             100
        EEDATA           0F000-0F0FF             100           2
        ENTRY            00002-00003               2           2
                         007FF-00800               1
                         01000-0154A             100
                         01840-01FFF             100
        IDLOC            08000-08003               4           2
        RAM              0006F-0006F               1           1
                         000EF-000EF               1
                         00165-0016F               B
                         001C0-001EF              30
                         0026E-0026F               2
                         002E0-002EF              10
                         00320-0036F              50
                         003A0-003EF              50
                         00420-0046F              50
                         004A0-004EF              50
                         00520-0056F              50
                         005A0-005EF              50
                         00620-0064F              30
        SFR0             00000-0001F              20           1
        SFR1             00080-0009F              20           1
        SFR10            00500-0051F              20           1
        SFR11            00580-0059F              20           1
        SFR12            00600-0061F              20           1
        SFR13            00680-006EF              70           1
        SFR14            00700-0076F              70           1
        SFR15            00780-007EF              70           1
        SFR16            00800-0086F              70           1
        SFR17            00880-008EF              70           1
        SFR18            00900-0096F              70           1
        SFR19            00980-009EF              70           1
        SFR2             00100-0011F              20           1
        SFR20            00A00-00A6F              70           1
        SFR21            00A80-00AEF              70           1
        SFR22            00B00-00B6F              70           1
        SFR23            00B80-00BEF              70           1
        SFR24            00C00-00C6F              70           1
        SFR25            00C80-00CEF              70           1
        SFR26            00D00-00D6F              70           1
        SFR27            00D80-00DEF              70           1
        SFR28            00E00-00E6F              70           1
        SFR29            00E80-00EEF              70           1
        SFR3             00180-0019F              20           1
        SFR30            00F00-00F6F              70           1
        SFR31            00F80-00FEF              70           1
        SFR4             00200-0021F              20           1
        SFR5             00280-0029F              20           1
        SFR6             00300-0031F              20           1
        SFR7             00380-0039F              20           1
        SFR8             00400-0041F              20           1
        SFR9             00480-0049F              20           1
        STRCODE          00002-00003               2           2
                         007FF-00800               2
                         01000-0154A             54B
                         01840-01FFF             7C0
        STRING           00002-00003               2           2
                         007FF-00800               1
                         01000-0154A             100
                         01840-01FFF             100

                                  Symbol Table

?_TiGetTics                 cstackBANK0  00024
?_TiGetTimer                cstackBANK0  00024
?__Umul8_16                 cstackBANK0  00020
?___aodiv                   cstackBANK0  00020
?___aomod                   cstackBANK0  00020
?___fladd                   cstackBANK0  00048
?___flmul                   cstackBANK0  0002E
?___fltol                   cstackBANK0  0005C
?___xxtofl                  cstackBANK0  00020
?_abs                       cstackBANK0  00033
?_dtoa                      cstackBANK0  0003B
?_fabsf                     cstackBANK0  0002E
?_pad                       cstackBANK0  00030
?_sprintf                   cstackBANK1  000DF
?_strlen                    cstackBANK0  00020
?_valorAngle                cstackBANK0  00023
?_vfpfcnvrt                 cstackBANK0  00059
?_vfprintf                  cstackBANK0  00069
Avg@x                       cstackBANK0  00023
Avg@y                       cstackBANK0  00025
Avg@z                       cstackBANK0  00027
INTERRUPT_TMR2@status       cstackCOMMON 00075
SiInit@Baud                 cstackBANK0  00020
SiPuts@s                    cstackBANK0  00021
SiSendChar@c                cstackBANK0  00020
TiGetTics@Handle            cstackBANK0  00024
TiGetTics@actual            cstackBANK0  00027
TiGetTimer@counter          cstackBANK0  00028
TiResetTics@Handle          cstackBANK0  00024
WaitAck@count               cstackBANK0  00020
WriteI2C@byte               cstackBANK0  00022
_ANSELA                     (abs)        00F38
_ANSELB                     (abs)        00F43
_ANSELC                     (abs)        00F4E
_Avg                        text34       00849
_BAUD1CON                   (abs)        0011F
_BufferRx3                  bssBANK5     002A0
_Fi                         bssBANK1     000A6
_I2C_repeated_start         text3        01566
_I2C_start                  text39       01551
_I2C_stop                   text38       01558
_I2C_wait                   text37       0155F
_INTCONbits                 (abs)        0000B
_INTERRUPT_TMR2             intentry     00004
_Inici                      bssBANK1     000A8
_Init345                    text33       01762
_InitPinOut                 text32       016E0
_LATBbits                   (abs)        00017
_NotAckI2C                  text2        007F5
_ODCONA                     (abs)        00F3A
_ODCONB                     (abs)        00F45
_ODCONC                     (abs)        00F50
_OSCCON1                    (abs)        0088D
_OSCCON3                    (abs)        0088F
_OSCEN                      (abs)        00891
_OSCFRQ                     (abs)        00893
_OSCTUNE                    (abs)        00892
_PIE3bits                   (abs)        00719
_PIE4bits                   (abs)        0071A
_PIR3bits                   (abs)        0070F
_PIR4bits                   (abs)        00710
_PPSLOCK                    (abs)        00E8F
_PPSLOCKbits                (abs)        00E8F
_Quants                     bssBANK2     00134
_RC1STA                     (abs)        0011D
_RC1STAbits                 (abs)        0011D
_RC3PPS                     (abs)        00F23
_RC4PPS                     (abs)        00F24
_RC5PPS                     (abs)        00F25
_RXPPS                      (abs)        00ECB
_SP1BRGH                    (abs)        0011C
_SP1BRGL                    (abs)        0011B
_SSP1ADD                    (abs)        0018D
_SSP1BUF                    (abs)        0018C
_SSP1CLKPPS                 (abs)        00EC5
_SSP1CON1                   (abs)        00190
_SSP1CON1bits               (abs)        00190
_SSP1CON2                   (abs)        00191
_SSP1CON2bits               (abs)        00191
_SSP1CON3                   (abs)        00192
_SSP1DATPPS                 (abs)        00EC6
_SSP1STAT                   (abs)        0018F
_SSP1STATbits               (abs)        0018F
_SiInit                     text31       015B8
_SiPuts                     text29       015E8
_SiSendChar                 text30       0156D
_T2CLKCON                   (abs)        00290
_T2CON                      (abs)        0028E
_T2PR                       (abs)        0028D
_T2TMR                      (abs)        0028C
_TRISA                      (abs)        00011
_TRISB                      (abs)        00012
_TRISC                      (abs)        00013
_TX1REG                     (abs)        0011A
_TX1STA                     (abs)        0011E
_TX1STAbits                 (abs)        0011E
_TiGetTics                  text27       01601
_TiGetTimer                 text26       0080D
_TiInitTimer                text25       0170B
_TiResetTics                text24       0157B
_WaitAck                    text36       015CF
_WriteI2C                   text35       00801
__Habs1                     abs1         00000
__Hbank0                    bank0        00000
__Hbank1                    bank1        00000
__Hbank10                   bank10       00000
__Hbank11                   bank11       00000
__Hbank12                   bank12       00000
__Hbank13                   bank13       00000
__Hbank14                   bank14       00000
__Hbank15                   bank15       00000
__Hbank16                   bank16       00000
__Hbank17                   bank17       00000
__Hbank18                   bank18       00000
__Hbank19                   bank19       00000
__Hbank2                    bank2        00000
__Hbank20                   bank20       00000
__Hbank21                   bank21       00000
__Hbank22                   bank22       00000
__Hbank23                   bank23       00000
__Hbank24                   bank24       00000
__Hbank25                   bank25       00000
__Hbank26                   bank26       00000
__Hbank27                   bank27       00000
__Hbank28                   bank28       00000
__Hbank29                   bank29       00000
__Hbank3                    bank3        00000
__Hbank30                   bank30       00000
__Hbank31                   bank31       00000
__Hbank4                    bank4        00000
__Hbank5                    bank5        00000
__Hbank6                    bank6        00000
__Hbank7                    bank7        00000
__Hbank8                    bank8        00000
__Hbank9                    bank9        00000
__Hbigram                   bigram       00000
__HbssBANK1                 bssBANK1     00000
__HbssBANK2                 bssBANK2     00000
__HbssBANK3                 bssBANK3     00000
__HbssBANK4                 bssBANK4     00000
__HbssBANK5                 bssBANK5     00000
__HbssCOMMON                bssCOMMON    00000
__Hcinit                    cinit        00086
__Hclrtext                  clrtext      00000
__Hcode                     code         00000
__Hcommon                   common       00000
__Hconfig                   config       0800C
__HcstackBANK0              cstackBANK0  00000
__HcstackBANK1              cstackBANK1  00000
__HcstackBANK2              cstackBANK2  00000
__HcstackCOMMON             cstackCOMMON 00000
__Heeprom_data              eeprom_data  00000
__Hend_init                 end_init     00055
__Hfunctab                  functab      00000
__Hheap                     heap         00000
__Hinit                     init         00053
__Hintentry                 intentry     00053
__Hmaintext                 maintext     00000
__Hpowerup                  powerup      00000
__Hram                      ram          00000
__Hreset_vec                reset_vec    00002
__Hsfr0                     sfr0         00000
__Hsfr1                     sfr1         00000
__Hsfr10                    sfr10        00000
__Hsfr11                    sfr11        00000
__Hsfr12                    sfr12        00000
__Hsfr13                    sfr13        00000
__Hsfr14                    sfr14        00000
__Hsfr15                    sfr15        00000
__Hsfr16                    sfr16        00000
__Hsfr17                    sfr17        00000
__Hsfr18                    sfr18        00000
__Hsfr19                    sfr19        00000
__Hsfr2                     sfr2         00000
__Hsfr20                    sfr20        00000
__Hsfr21                    sfr21        00000
__Hsfr22                    sfr22        00000
__Hsfr23                    sfr23        00000
__Hsfr24                    sfr24        00000
__Hsfr25                    sfr25        00000
__Hsfr26                    sfr26        00000
__Hsfr27                    sfr27        00000
__Hsfr28                    sfr28        00000
__Hsfr29                    sfr29        00000
__Hsfr3                     sfr3         00000
__Hsfr30                    sfr30        00000
__Hsfr31                    sfr31        00000
__Hsfr4                     sfr4         00000
__Hsfr5                     sfr5         00000
__Hsfr6                     sfr6         00000
__Hsfr7                     sfr7         00000
__Hsfr8                     sfr8         00000
__Hsfr9                     sfr9         00000
__Hspace_0                  (abs)        01840
__Hspace_1                  (abs)        002E0
__Hspace_2                  (abs)        00000
__Hspace_3                  (abs)        00000
__Hspace_4                  (abs)        10013
__Hstack                    stack        00000
__Hstrings                  strings      00000
__Hstringtext1              stringtext1  00000
__Hstringtext2              stringtext2  00000
__Hstringtext3              stringtext3  00000
__Hstringtext4              stringtext4  00000
__Hstringtext5              stringtext5  00000
__Hstringtext6              stringtext6  00000
__Htext                     text         00000
__Labs1                     abs1         00000
__Lbank0                    bank0        00000
__Lbank1                    bank1        00000
__Lbank10                   bank10       00000
__Lbank11                   bank11       00000
__Lbank12                   bank12       00000
__Lbank13                   bank13       00000
__Lbank14                   bank14       00000
__Lbank15                   bank15       00000
__Lbank16                   bank16       00000
__Lbank17                   bank17       00000
__Lbank18                   bank18       00000
__Lbank19                   bank19       00000
__Lbank2                    bank2        00000
__Lbank20                   bank20       00000
__Lbank21                   bank21       00000
__Lbank22                   bank22       00000
__Lbank23                   bank23       00000
__Lbank24                   bank24       00000
__Lbank25                   bank25       00000
__Lbank26                   bank26       00000
__Lbank27                   bank27       00000
__Lbank28                   bank28       00000
__Lbank29                   bank29       00000
__Lbank3                    bank3        00000
__Lbank30                   bank30       00000
__Lbank31                   bank31       00000
__Lbank4                    bank4        00000
__Lbank5                    bank5        00000
__Lbank6                    bank6        00000
__Lbank7                    bank7        00000
__Lbank8                    bank8        00000
__Lbank9                    bank9        00000
__Lbigram                   bigram       00000
__LbssBANK1                 bssBANK1     00000
__LbssBANK2                 bssBANK2     00000
__LbssBANK3                 bssBANK3     00000
__LbssBANK4                 bssBANK4     00000
__LbssBANK5                 bssBANK5     00000
__LbssCOMMON                bssCOMMON    00000
__Lcinit                    cinit        00055
__Lclrtext                  clrtext      00000
__Lcode                     code         00000
__Lcommon                   common       00000
__Lconfig                   config       00000
__LcstackBANK0              cstackBANK0  00000
__LcstackBANK1              cstackBANK1  00000
__LcstackBANK2              cstackBANK2  00000
__LcstackCOMMON             cstackCOMMON 00000
__Leeprom_data              eeprom_data  00000
__Lend_init                 end_init     00053
__Lfunctab                  functab      00000
__Lheap                     heap         00000
__Linit                     init         00053
__Lintentry                 intentry     00004
__Lmaintext                 maintext     00000
__Lpowerup                  powerup      00000
__Lram                      ram          00000
__Lreset_vec                reset_vec    00000
__Lsfr0                     sfr0         00000
__Lsfr1                     sfr1         00000
__Lsfr10                    sfr10        00000
__Lsfr11                    sfr11        00000
__Lsfr12                    sfr12        00000
__Lsfr13                    sfr13        00000
__Lsfr14                    sfr14        00000
__Lsfr15                    sfr15        00000
__Lsfr16                    sfr16        00000
__Lsfr17                    sfr17        00000
__Lsfr18                    sfr18        00000
__Lsfr19                    sfr19        00000
__Lsfr2                     sfr2         00000
__Lsfr20                    sfr20        00000
__Lsfr21                    sfr21        00000
__Lsfr22                    sfr22        00000
__Lsfr23                    sfr23        00000
__Lsfr24                    sfr24        00000
__Lsfr25                    sfr25        00000
__Lsfr26                    sfr26        00000
__Lsfr27                    sfr27        00000
__Lsfr28                    sfr28        00000
__Lsfr29                    sfr29        00000
__Lsfr3                     sfr3         00000
__Lsfr30                    sfr30        00000
__Lsfr31                    sfr31        00000
__Lsfr4                     sfr4         00000
__Lsfr5                     sfr5         00000
__Lsfr6                     sfr6         00000
__Lsfr7                     sfr7         00000
__Lsfr8                     sfr8         00000
__Lsfr9                     sfr9         00000
__Lspace_0                  (abs)        00000
__Lspace_1                  (abs)        00000
__Lspace_2                  (abs)        00000
__Lspace_3                  (abs)        00000
__Lspace_4                  (abs)        00000
__Lstack                    stack        00000
__Lstrings                  strings      00000
__Lstringtext1              stringtext1  00000
__Lstringtext2              stringtext2  00000
__Lstringtext3              stringtext3  00000
__Lstringtext4              stringtext4  00000
__Lstringtext5              stringtext5  00000
__Lstringtext6              stringtext6  00000
__Ltext                     text         00000
__S0                        (abs)        01840
__S1                        (abs)        002E0
__S3                        (abs)        00000
__Umul8_16                  text21       0166A
__Umul8_16@multiplicand     cstackBANK0  00020
__Umul8_16@multiplier       cstackBANK0  00028
__Umul8_16@product          cstackBANK0  00024
__Umul8_16@word_mpld        cstackBANK0  00026
___aodiv                    text15       0069A
___aodiv@counter            cstackBANK0  00031
___aodiv@dividend           cstackBANK0  00028
___aodiv@divisor            cstackBANK0  00020
___aodiv@quotient           cstackBANK0  00033
___aodiv@sign               cstackBANK0  00032
___aomod                    text14       00B72
___aomod@counter            cstackBANK0  00031
___aomod@dividend           cstackBANK0  00028
___aomod@divisor            cstackBANK0  00020
___aomod@sign               cstackBANK0  00032
___bmul                     text28       015A2
___bmul@multiplicand        cstackBANK0  00020
___bmul@multiplier          cstackBANK0  00023
___bmul@product             cstackBANK0  00022
___fladd                    text23       00DC8
___fladd@a                  cstackBANK0  0004C
___fladd@aexp               cstackBANK0  00059
___fladd@b                  cstackBANK0  00048
___fladd@bexp               cstackBANK0  0005A
___fladd@grs                cstackBANK0  0005B
___fladd@signs              cstackBANK0  00058
___flge                     text22       0095F
___flge@ff1                 cstackBANK0  00036
___flge@ff2                 cstackBANK0  0003A
___flmul                    text20       00443
___flmul@a                  cstackBANK0  00032
___flmul@aexp               cstackBANK0  0003C
___flmul@b                  cstackBANK0  0002E
___flmul@bexp               cstackBANK0  00041
___flmul@grs                cstackBANK0  0003D
___flmul@prod               cstackBANK0  00042
___flmul@sign               cstackBANK0  0003B
___flmul@temp               cstackBANK0  00046
___fltol                    text19       008EA
___fltol@exp1               cstackBANK0  00066
___fltol@f1                 cstackBANK0  0005C
___fltol@sign1              cstackBANK0  00065
___heap_hi                  (abs)        00000
___heap_lo                  (abs)        00000
___int_sp                   stack        00000
___latbits                  (abs)        00002
___sp                       stack        00000
___stackhi                  (abs)        00000
___stacklo                  (abs)        00000
___xxtofl                   text18       009EA
___xxtofl@arg               cstackBANK0  0002A
___xxtofl@exp               cstackBANK0  00029
___xxtofl@sign              cstackBANK0  00028
___xxtofl@val               cstackBANK0  00020
__end_of_Avg                text34       00895
__end_of_I2C_repeated_start text3        0156D
__end_of_I2C_start          text39       01558
__end_of_I2C_stop           text38       0155F
__end_of_I2C_wait           text37       01566
__end_of_INTERRUPT_TMR2     intentry     00053
__end_of_Init345            text33       01793
__end_of_InitPinOut         text32       0170B
__end_of_NotAckI2C          text2        007FE
__end_of_SiInit             text31       015CF
__end_of_SiPuts             text29       01601
__end_of_SiSendChar         text30       0157B
__end_of_TiGetTics          text27       0161A
__end_of_TiGetTimer         text26       00849
__end_of_TiInitTimer        text25       01736
__end_of_TiResetTics        text24       0158D
__end_of_WaitAck            text36       015E8
__end_of_WriteI2C           text35       0080D
__end_of__Umul8_16          text21       0168E
__end_of___aodiv            text15       0079F
__end_of___aomod            text14       00C5F
__end_of___bmul             text28       015B8
__end_of___fladd            text23       01000
__end_of___flge             text22       009EA
__end_of___flmul            text20       0069A
__end_of___fltol            text19       0095F
__end_of___xxtofl           text18       00A97
__end_of__initialization    cinit        00082
__end_of_abs                text13       0166A
__end_of_dtoa               text7        00DC8
__end_of_fabsf              text17       016B7
__end_of_fputc              text11       008EA
__end_of_fputs              text10       016E0
__end_of_initMSSP1_I2C      text16       01633
__end_of_main               maintext     00443
__end_of_pad                text8        007F5
__end_of_putch              text12       007FF
__end_of_sprintf            text4        01762
__end_of_strlen             text9        0164E
__end_of_valorAngle         text1        01800
__end_of_vfpfcnvrt          text6        00B72
__end_of_vfprintf           text5        017C7
__end_ofi1___bmul           text41       015A2
__initialization            cinit        00055
__pbssBANK1                 bssBANK1     000A0
__pbssBANK2                 bssBANK2     00120
__pbssBANK3                 bssBANK3     001A0
__pbssBANK4                 bssBANK4     00220
__pbssBANK5                 bssBANK5     002A0
__pbssCOMMON                bssCOMMON    00076
__pcstackBANK0              cstackBANK0  00020
__pcstackBANK1              cstackBANK1  000DC
__pcstackBANK2              cstackBANK2  00162
__pcstackCOMMON             cstackCOMMON 00070
__pintentry                 intentry     00004
__pmaintext                 maintext     00086
__pstringtext1              stringtext1  01800
__pstringtext2              stringtext2  01813
__pstringtext3              stringtext3  01822
__pstringtext4              stringtext4  0182E
__pstringtext5              stringtext5  01839
__pstringtext6              stringtext6  00000
__ptext1                    text1        017C7
__ptext10                   text10       016B7
__ptext11                   text11       00895
__ptext12                   text12       007FE
__ptext13                   text13       0164E
__ptext14                   text14       00B72
__ptext15                   text15       0069A
__ptext16                   text16       0161A
__ptext17                   text17       0168E
__ptext18                   text18       009EA
__ptext19                   text19       008EA
__ptext2                    text2        007F5
__ptext20                   text20       00443
__ptext21                   text21       0166A
__ptext22                   text22       0095F
__ptext23                   text23       00DC8
__ptext24                   text24       0157B
__ptext25                   text25       0170B
__ptext26                   text26       0080D
__ptext27                   text27       01601
__ptext28                   text28       015A2
__ptext29                   text29       015E8
__ptext3                    text3        01566
__ptext30                   text30       0156D
__ptext31                   text31       015B8
__ptext32                   text32       016E0
__ptext33                   text33       01762
__ptext34                   text34       00849
__ptext35                   text35       00801
__ptext36                   text36       015CF
__ptext37                   text37       0155F
__ptext38                   text38       01558
__ptext39                   text39       01551
__ptext4                    text4        01736
__ptext41                   text41       0158D
__ptext5                    text5        01793
__ptext6                    text6        00A97
__ptext7                    text7        00C5F
__ptext8                    text8        0079F
__ptext9                    text9        01633
_abs                        text13       0164E
_counter                    bssCOMMON    0007A
_dbuf                       bssBANK3     001A0
_dtoa                       text7        00C5F
_dtoa$1596                  cstackBANK0  00047
_fabsf                      text17       0168E
_flags                      bssCOMMON    00076
_fputc                      text11       00895
_fputs                      text10       016B7
_h_Tics                     bssCOMMON    00078
_initMSSP1_I2C              text16       0161A
_main                       maintext     00086
_nout                       bssBANK1     000A0
_pad                        text8        0079F
_prec                       bssBANK1     000A4
_putch                      text12       007FE
_s_Timers                   bssBANK4     00220
_sprintf                    text4        01736
_strlen                     text9        01633
_valorAngle                 text1        017C7
_vfpfcnvrt                  text6        00A97
_vfprintf                   text5        01793
_width                      bssBANK1     000A2
abs@a                       cstackBANK0  00033
btemp                       (abs)        0007E
clear_ram0                  clrtext      0154B
dtoa@d                      cstackBANK0  0003B
dtoa@fp                     cstackBANK0  00046
dtoa@i                      cstackBANK0  00057
dtoa@n                      cstackBANK0  0004F
dtoa@p                      cstackBANK0  00049
dtoa@s                      cstackBANK0  0004D
dtoa@w                      cstackBANK0  0004B
end_of_initialization       cinit        00082
fabsf@F465                  bssBANK2     00120
fabsf@u                     cstackBANK0  00032
fabsf@x                     cstackBANK0  0002E
fputc@c                     cstackBANK0  00020
fputc@fp                    cstackBANK0  00022
fputs@c                     cstackBANK0  0002C
fputs@fp                    cstackBANK0  00028
fputs@i                     cstackBANK0  0002D
fputs@s                     cstackBANK0  0002F
i1___bmul                   text41       0158D
i1___bmul@multiplicand      cstackCOMMON 00070
i1___bmul@multiplier        cstackCOMMON 00073
i1___bmul@product           cstackCOMMON 00072
int$flags                   (abs)        0007E
intlevel0                   functab      00000
intlevel1                   functab      00000
intlevel2                   functab      00000
intlevel3                   functab      00000
intlevel4                   functab      00000
intlevel5                   functab      00000
main@Estat                  bssBANK1     000D2
main@T                      bssBANK1     000D4
main@Xa                     bssBANK2     00138
main@Xant                   bssBANK1     000CE
main@Xmostra                bssBANK1     000C6
main@Ya                     bssBANK2     00136
main@Yant                   bssBANK1     000CC
main@Ymostra                bssBANK1     000C4
main@Za                     bssBANK2     0013A
main@Zant                   bssBANK1     000CA
main@Zmostra                bssBANK1     000C8
main@cal                    bssBANK1     000BA
main@contadorInit           bssBANK1     000BC
main@tmp                    bssBANK2     00144
main@x                      bssBANK1     000DA
main@x0                     bssBANK1     000B4
main@x1                     bssBANK1     000B2
main@xcal                   bssBANK1     000B8
main@y                      bssBANK1     000D8
main@y0                     bssBANK1     000B0
main@y1                     bssBANK1     000AE
main@ycal                   bssBANK1     000B6
main@z                      bssBANK1     000D6
main@z0                     bssBANK1     000AC
main@z1                     bssBANK1     000AA
pad@buf                     cstackBANK0  00030
pad@fp                      cstackBANK0  00038
pad@i                       cstackBANK0  00034
pad@p                       cstackBANK0  00031
pad@w                       cstackBANK0  00036
reset_vec                   reset_vec    00000
sprintf@ap                  cstackBANK1  000E3
sprintf@f                   cstackBANK1  000E5
sprintf@fmt                 cstackBANK1  000DF
sprintf@s                   cstackBANK1  000E4
start                       init         00053
start_initialization        cinit        00055
strlen@a                    cstackBANK0  00023
strlen@s                    cstackBANK0  00024
valorAngle@eix              cstackBANK0  00029
valorAngle@tmp              cstackBANK0  00027
vfpfcnvrt@ap                cstackBANK0  0005A
vfpfcnvrt@fmt               cstackBANK0  00059
vfpfcnvrt@fp                cstackBANK0  00068
vfpfcnvrt@ll                cstackBANK0  00060
vfprintf@ap                 cstackBANK0  0006B
vfprintf@cfmt               cstackBANK1  000DD
vfprintf@fmt                cstackBANK0  00069
vfprintf@fp                 cstackBANK1  000DC
wtemp0                      (abs)        0007E


MODULE INFORMATION

Module		Function		Class		Link	Load	Size
C:\Program Files\Microchip\xc8\v2.35\pic\sources\c99\common\putch.c
		_putch         		CODE           	07FE	0000	1

C:\Program Files\Microchip\xc8\v2.35\pic\sources\c99\common\putch.c estimated size: 1

uart.c
		_SiPuts        		CODE           	15E8	0000	25
		_SiInit        		CODE           	15B8	0000	23
		_SiSendChar    		CODE           	156D	0000	14

uart.c estimated size: 62

C:\Program Files\Microchip\xc8\v2.35\pic\sources\c99\common\Umul8_16.c
		__Umul8_16     		CODE           	166A	0000	36

C:\Program Files\Microchip\xc8\v2.35\pic\sources\c99\common\Umul8_16.c estimated size: 36

C:\Program Files\Microchip\xc8\v2.35\pic\sources\c99\common\aodiv.c
		___aodiv       		CODE           	069A	0000	261

C:\Program Files\Microchip\xc8\v2.35\pic\sources\c99\common\aodiv.c estimated size: 261

C:\Program Files\Microchip\xc8\v2.35\pic\sources\c99\common\sprcmul.c
		___flmul       		CODE           	0443	0000	599

C:\Program Files\Microchip\xc8\v2.35\pic\sources\c99\common\sprcmul.c estimated size: 599

C:\Program Files\Microchip\xc8\v2.35\pic\sources\c99\common\nf_sprintf.c
		_sprintf       		CODE           	1736	0000	44

C:\Program Files\Microchip\xc8\v2.35\pic\sources\c99\common\nf_sprintf.c estimated size: 44

timer.c
		_INTERRUPT_TMR2		CODE           	0004	0000	79
		_TiGetTics     		CODE           	1601	0000	25
		_TiGetTimer    		CODE           	080D	0000	60
		_TiInitTimer   		CODE           	170B	0000	43
		_TiResetTics   		CODE           	157B	0000	18

timer.c estimated size: 225

C:\Program Files\Microchip\xc8\v2.35\pic\sources\c99\common\nf_fputc.c
		_fputc         		CODE           	0895	0000	85

C:\Program Files\Microchip\xc8\v2.35\pic\sources\c99\common\nf_fputc.c estimated size: 85

I2C.c
		_I2C_stop      		CODE           	1558	0000	7
		_I2C_wait      		CODE           	155F	0000	7
		_I2C_repeated_start		CODE           	1566	0000	7
		_I2C_start     		CODE           	1551	0000	7
		_WaitAck       		CODE           	15CF	0000	25
		_WriteI2C      		CODE           	0801	0000	12
		_NotAckI2C     		CODE           	07F5	0000	9

I2C.c estimated size: 74

C:\Program Files\Microchip\xc8\v2.35\pic\sources\c99\common\fltol.c
		___fltol       		CODE           	08EA	0000	117

C:\Program Files\Microchip\xc8\v2.35\pic\sources\c99\common\fltol.c estimated size: 117

C:\Program Files\Microchip\xc8\v2.35\pic\sources\c99\common\Umul8.c
		___bmul        		CODE           	15A2	0000	22

C:\Program Files\Microchip\xc8\v2.35\pic\sources\c99\common\Umul8.c estimated size: 22

C:\Program Files\Microchip\xc8\v2.35\pic\sources\c99\common\abs.c
		_abs           		CODE           	164E	0000	28

C:\Program Files\Microchip\xc8\v2.35\pic\sources\c99\common\abs.c estimated size: 28

C:\Program Files\Microchip\xc8\v2.35\pic\sources\c99\common\flge.c
		___flge        		CODE           	095F	0000	139

C:\Program Files\Microchip\xc8\v2.35\pic\sources\c99\common\flge.c estimated size: 139

C:\Program Files\Microchip\xc8\v2.35\pic\sources\c99\common\sprcadd.c
		___fladd       		CODE           	0DC8	0000	568

C:\Program Files\Microchip\xc8\v2.35\pic\sources\c99\common\sprcadd.c estimated size: 568

Init.c
		_InitPinOut    		CODE           	16E0	0000	43
		_Avg           		CODE           	0849	0000	76
		_Init345       		CODE           	1762	0000	49

Init.c estimated size: 168

shared
		__initialization		CODE           	0055	0000	45
		i1___bmul      		CODE           	158D	0000	21

shared estimated size: 66

C:\Program Files\Microchip\xc8\v2.35\pic\sources\c99\common\fabsf.c
		_fabsf         		CODE           	168E	0000	41

C:\Program Files\Microchip\xc8\v2.35\pic\sources\c99\common\fabsf.c estimated size: 41

C:\Program Files\Microchip\xc8\v2.35\pic\sources\c99\common\xxtofl.c
		___xxtofl      		CODE           	09EA	0000	173

C:\Program Files\Microchip\xc8\v2.35\pic\sources\c99\common\xxtofl.c estimated size: 173

C:\Program Files\Microchip\xc8\v2.35\pic\sources\c99\common\strlen.c
		_strlen        		CODE           	1633	0000	27

C:\Program Files\Microchip\xc8\v2.35\pic\sources\c99\common\strlen.c estimated size: 27

C:\Program Files\Microchip\xc8\v2.35\pic\sources\c99\common\aomod.c
		___aomod       		CODE           	0B72	0000	237

C:\Program Files\Microchip\xc8\v2.35\pic\sources\c99\common\aomod.c estimated size: 237

C:\Program Files\Microchip\xc8\v2.35\pic\sources\c99\common\nf_fputs.c
		_fputs         		CODE           	16B7	0000	41

C:\Program Files\Microchip\xc8\v2.35\pic\sources\c99\common\nf_fputs.c estimated size: 41

main.c
		_initMSSP1_I2C 		CODE           	161A	0000	25
		_valorAngle    		CODE           	17C7	0000	57
		_main          		CODE           	0086	0000	957

main.c estimated size: 1039

C:\Program Files\Microchip\xc8\v2.35\pic\sources\c99\common\doprnt.c
		_vfpfcnvrt     		CODE           	0A97	0000	219
		_pad           		CODE           	079F	0000	86
		_dtoa          		CODE           	0C5F	0000	361
		_vfprintf      		CODE           	1793	0000	52

C:\Program Files\Microchip\xc8\v2.35\pic\sources\c99\common\doprnt.c estimated size: 718

